%!Adobe-FontList 1.14
%Locale:0x409

%BeginFont
Handler:DirectoryHandler
FontType:Invalid
OutlineFileName:\.DS_Store
FileLength:6148
FileModTime:1350416792
%EndFont

%BeginFont
Handler:DirectoryHandler
FontType:TrueType
FontName:Arista2.0Light
FamilyName:Arista 2.0 Light
StyleName:Regular
MenuName:Arista 2.0 Light
StyleBits:0
WeightClass:300
WidthClass:5
AngleClass:0
FullName:Arista 2.0 Light
WritingScript:Roman
OutlineFileName:\Arista2.0 light.ttf
DataFormat:sfntData
FileLength:81544
FileModTime:1232128588
%EndFont

%BeginFont
Handler:DirectoryHandler
FontType:TrueType
FontName:Arista2.0
FamilyName:Arista 2.0
StyleName:Regular
MenuName:Arista 2.0
StyleBits:2
WeightClass:400
WidthClass:5
AngleClass:0
FullName:Arista 2.0
WritingScript:Roman
OutlineFileName:\Arista2.0.ttf
DataFormat:sfntData
FileLength:74372
FileModTime:1232128588
%EndFont

%BeginFont
Handler:DirectoryHandler
FontType:TrueType
FontName:Times-Roman
FamilyName:Times
StyleName:Regular
MenuName:Times
StyleBits:0
WeightClass:400
WidthClass:5
AngleClass:0
FullName:Times Roman
WritingScript:Roman
OutlineFileName:\Times.dfont
DataFormat:sfntResource
ResourceID:13494
FileLength:1743667
FileModTime:1318054731
%EndFont

%BeginFont
Handler:DirectoryHandler
FontType:TrueType
FontName:Times-Bold
FamilyName:Times
StyleName:Bold
MenuName:Times
StyleBits:2
WeightClass:700
WidthClass:5
AngleClass:0
FullName:Times Bold
WritingScript:Roman
OutlineFileName:\Times.dfont
DataFormat:sfntResource
ResourceID:16697
FileLength:1743667
FileModTime:1318054731
%EndFont

%BeginFont
Handler:DirectoryHandler
FontType:TrueType
FontName:Times-Italic
FamilyName:Times
StyleName:Italic
MenuName:Times
StyleBits:1
WeightClass:400
WidthClass:5
AngleClass:1
FullName:Times Italic
WritingScript:Roman
OutlineFileName:\Times.dfont
DataFormat:sfntResource
ResourceID:21585
FileLength:1743667
FileModTime:1318054731
%EndFont

%BeginFont
Handler:DirectoryHandler
FontType:TrueType
FontName:Times-BoldItalic
FamilyName:Times
StyleName:Bold Italic
MenuName:Times
StyleBits:3
WeightClass:700
WidthClass:5
AngleClass:1
FullName:Times Bold Italic
WritingScript:Roman
OutlineFileName:\Times.dfont
DataFormat:sfntResource
ResourceID:22219
FileLength:1743667
FileModTime:1318054731
%EndFont

%BeginFont
Handler:DirectoryHandler
FontType:Suitcase
FontName:Times-Roman
OutlineFileName:\Times.dfont
ResourceID:20
MacStyle:0
FileLength:1743667
FileModTime:1318054731
%EndFont

%BeginFont
Handler:DirectoryHandler
FontType:Suitcase
FontName:Times-Bold
OutlineFileName:\Times.dfont
ResourceID:20
MacStyle:1
FileLength:1743667
FileModTime:1318054731
%EndFont

%BeginFont
Handler:DirectoryHandler
FontType:Suitcase
FontName:Times-Italic
OutlineFileName:\Times.dfont
ResourceID:20
MacStyle:2
FileLength:1743667
FileModTime:1318054731
%EndFont

%BeginFont
Handler:DirectoryHandler
FontType:Suitcase
FontName:Times-BoldItalic
OutlineFileName:\Times.dfont
ResourceID:20
MacStyle:3
FileLength:1743667
FileModTime:1318054731
%EndFont

%BeginFont
Handler:DirectoryHandler
FontType:Suitcase
FontName:VAGRounded-Black
OutlineFileName:\VAG
ResourceID:14615
MacStyle:0
FileLength:53974
FileModTime:750681812
%EndFont

%BeginFont
Handler:DirectoryHandler
FontType:Suitcase
FontName:VAGRounded-Bold
OutlineFileName:\VAG
ResourceID:14614
MacStyle:0
FileLength:53974
FileModTime:750681812
%EndFont

%BeginFont
Handler:DirectoryHandler
FontType:Suitcase
FontName:VAGRounded-Light
OutlineFileName:\VAG
ResourceID:14613
MacStyle:0
FileLength:53974
FileModTime:750681812
%EndFont

%BeginFont
Handler:DirectoryHandler
FontType:Suitcase
FontName:VAGRounded-Black
OutlineFileName:\VAG
ResourceID:14613
MacStyle:1
FileLength:53974
FileModTime:750681812
%EndFont

%BeginFont
Handler:DirectoryHandler
FontType:Suitcase
FontName:VAGRounded-Thin
OutlineFileName:\VAG
ResourceID:14612
MacStyle:0
FileLength:53974
FileModTime:750681812
%EndFont

%BeginFont
Handler:DirectoryHandler
FontType:Suitcase
FontName:VAGRounded-Bold
OutlineFileName:\VAG
ResourceID:14612
MacStyle:1
FileLength:53974
FileModTime:750681812
%EndFont

%BeginFont
Handler:DirectoryHandler
FontType:Type1
FontName:VAGRounded-Bold
FamilyName:VAG Rounded
StyleName:Bold
MenuName:VAG Rounded Thin
StyleBits:2
WeightClass:700
WidthClass:5
AngleClass:0
FullName:18 VAG Rounded Bold   07390
WritingScript:Roman
OutlineFileName:\VAGRouBol
DataFormat:POSTResource
UsesStandardEncoding:yes
isCFF:no
FileLength:33676
FileModTime:607449600
DesignSize:-1
%EndFont

%BeginFont
Handler:DirectoryHandler
FontType:Type1
FontName:VAGRounded-Light
FamilyName:VAG Rounded
StyleName:Light
MenuName:VAG Rounded Light
StyleBits:0
WeightClass:300
WidthClass:5
AngleClass:0
FullName:18 VAG Rounded Light   02390
WritingScript:Roman
OutlineFileName:\VAGRouLig
DataFormat:POSTResource
UsesStandardEncoding:yes
isCFF:no
FileLength:32011
FileModTime:607449600
DesignSize:-1
%EndFont

